Microchip MPLAB XC8 Compiler V1.30 ()

Linker command line:

--edf=C:\Program Files (x86)\Microchip\xc8\v1.30\dat\en_msgs.txt -cs \
  -h+dist/default/production\PIC18F25K80_LEDrgb.X.production.sym \
  --cmf=dist/default/production\PIC18F25K80_LEDrgb.X.production.cmf -z \
  -Q18F25K80 -oC:\Users\rz0df9\AppData\Local\Temp\s8tc.6 \
  -Mdist/default/production/PIC18F25K80_LEDrgb.X.production.map -E1 \
  -ver=XC8 -ASTACK=060h-09ffh -pstack=STACK -ACODE=00h-07FFFh \
  -ACONST=00h-07FFFh -ASMALLCONST=0F00h-0FFFhx113 \
  -AMEDIUMCONST=0F00h-07FFFh -ACOMRAM=01h-05Fh -AABS1=00h-0E40h \
  -ABIGRAM=01h-0E40h -ARAM=060h-0FFh,0100h-01FFhx13,0E00h-0E40h \
  -ABANK0=060h-0FFh -ABANK1=0100h-01FFh -ABANK2=0200h-02FFh \
  -ABANK3=0300h-03FFh -ABANK4=0400h-04FFh -ABANK5=0500h-05FFh \
  -ABANK6=0600h-06FFh -ABANK7=0700h-07FFh -ABANK8=0800h-08FFh \
  -ABANK9=0900h-09FFh -ABANK10=0A00h-0AFFh -ABANK11=0B00h-0BFFh \
  -ABANK12=0C00h-0CFFh -ABANK13=0D00h-0DFFh -ABANK14=0E00h-0E40h \
  -ASFR=0E41h-0EFFh,0F00h-0F5Fh,0F60h-0FFFh \
  -preset_vec=00h,intcode=08h,intcodelo=018h,powerup,init,end_init \
  -pramtop=0F00h -psmallconst=SMALLCONST -pmediumconst=MEDIUMCONST \
  -pconst=CONST -AFARRAM=00h-00h -ACONFIG=0300000h-030000Dh -pconfig=CONFIG \
  -AIDLOC=0200000h-0200007h -pidloc=IDLOC -AEEDATA=0F00000h-0F003FFh \
  -peeprom_data=EEDATA \
  -prdata=COMRAM,nvrram=COMRAM,nvbit=COMRAM,rbss=COMRAM,rbit=COMRAM \
  -pfarbss=FARRAM,fardata=FARRAM,nvFARRAM=FARRAM \
  -pintsave_regs=BIGRAM,bigbss=BIGRAM,bigdata=BIGRAM -pbss=RAM \
  -pidata=CODE,irdata=CODE,ibigdata=CODE,ifardata=CODE \
  C:\Users\rz0df9\AppData\Local\Temp\s8tc.obj \
  dist/default/production\PIC18F25K80_LEDrgb.X.production.obj 

Object code version is 3.11

Machine type is 18F25K80

Call graph: (short form)




                Name                               Link     Load   Length Selector   Space Scale
C:\Users\rz0df9\AppData\Local\Temp\s8tc.obj
                end_init                             CC       CC        4        C       0
                reset_vec                             0        0        4        0       0
                idloc                            200000   200000        8   200000       0
                config                           300000   300000        E   300000       0
dist/default/production\PIC18F25K80_LEDrgb.X.production.obj
                intcodelo                            18       18       B4        C       0
                intcode                               8        8        C        4       0
                intcode_body                        320      320       BA        C       0
                text4                               524      524       12        C       0
                text3                               3DA      3DA       92        C       0
                text1                               238      238       E8        C       0
                text0                               46C      46C       62        C       0
                cstackCOMRAM                          1        1       2D        1       1
                dataBIGRAM                          CD9      CD9      168      CD9       1
                dataCOMRAM                           34       34        4        1       1
                bssCOMRAM                            2E       2E        6        1       1
                cinit                               4CE      4CE       56        C       0
                idataCOMRAM                         536      536        4        C       0
                idataBIGRAM                          D0       D0      168        C       0

TOTAL           Name                               Link     Load   Length     Space
        CLASS   STACK          

        CLASS   CODE           
                end_init                             CC       CC        4         0
                intcodelo                            18       18       B4         0
                intcode                               8        8        C         0
                reset_vec                             0        0        4         0
                intcode_body                        320      320       BA         0
                text4                               524      524       12         0
                text3                               3DA      3DA       92         0
                text1                               238      238       E8         0
                text0                               46C      46C       62         0
                cinit                               4CE      4CE       56         0
                idataCOMRAM                         536      536        4         0
                idataBIGRAM                          D0       D0      168         0

        CLASS   CONST          

        CLASS   SMALLCONST     

        CLASS   MEDIUMCONST    

        CLASS   COMRAM         
                cstackCOMRAM                          1        1       2D         1
                dataCOMRAM                           34       34        4         1
                bssCOMRAM                            2E       2E        6         1

        CLASS   ABS1           

        CLASS   BIGRAM         
                dataBIGRAM                          CD9      CD9      168         1

        CLASS   RAM            

        CLASS   BANK0          

        CLASS   BANK1          

        CLASS   BANK2          

        CLASS   BANK3          

        CLASS   BANK4          

        CLASS   BANK5          

        CLASS   BANK6          

        CLASS   BANK7          

        CLASS   BANK8          

        CLASS   BANK9          

        CLASS   BANK10         

        CLASS   BANK11         

        CLASS   BANK12         

        CLASS   BANK13         

        CLASS   BANK14         

        CLASS   SFR            

        CLASS   FARRAM         

        CLASS   CONFIG         
                config                           300000   300000        E         0

        CLASS   IDLOC          
                idloc                            200000   200000        8         0

        CLASS   EEDATA         



SEGMENTS        Name                           Load    Length   Top    Selector   Space  Class

                reset_vec                      000000  000004  000004         0       0  CODE    
                cstackCOMRAM                   000001  000037  000038         1       1  COMRAM  
                intcode                        000008  00000C  000014         4       0  CODE    
                intcodelo                      000018  000522  00053A         C       0  CODE    
                dataBIGRAM                     000CD9  000168  000E41       CD9       1  BIGRAM  
                idloc                          200000  000008  200008    200000       0  IDLOC   
                config                         300000  00000E  30000E    300000       0  CONFIG  


UNUSED ADDRESS RANGES

        Name                Unused          Largest block    Delta
        BANK0            000060-0000FF               A0
        BANK1            000100-0001FF              100
        BANK10           000A00-000AFF              100
        BANK11           000B00-000BFF              100
        BANK12           000C00-000CD8               D9
        BANK2            000200-0002FF              100
        BANK3            000300-0003FF              100
        BANK4            000400-0004FF              100
        BANK5            000500-0005FF              100
        BANK6            000600-0006FF              100
        BANK7            000700-0007FF              100
        BANK8            000800-0008FF              100
        BANK9            000900-0009FF              100
        BIGRAM           000038-000CD8              CA1
        CODE             000004-000007                4
                         000014-000017                4
                         00053A-007FFF             7AC6
        COMRAM           000038-00005F               28
        CONST            000004-000007                4
                         000014-000017                4
                         00053A-007FFF             7AC6
        EEDATA           F00000-F003FF              400
        MEDIUMCONST      000F00-007FFF             7100
        RAM              000060-000CD8              100
        SFR              000E41-000FFF               BF
        SMALLCONST       000F00-007FFF              100
        STACK            000060-0009FF              9A0

                                  Symbol Table

Delay100TCYx@unit        cstackCOMRAM 000001
_ANCON0                  (abs)        000F5D
_ANCON1                  (abs)        000F5C
_BRGCON1                 (abs)        000E43
_BRGCON2                 (abs)        000E44
_BRGCON3                 (abs)        000E45
_CANCON                  (abs)        000F6F
_CANSTATbits             (abs)        000F6E
_CCP2IE                  (abs)        007D1A
_CCP2IF                  (abs)        007D22
_CIOCONbits              (abs)        000F70
_COMSTAT                 (abs)        000F71
_Delay100TCYx            text4        000524
_EEADR                   (abs)        000F74
_EEADRH                  (abs)        000F75
_EECON1bits              (abs)        000F7F
_EECON2                  (abs)        000F7E
_EEDATA                  (abs)        000F73
_INTCONbits              (abs)        000FF2
_IPR5bits                (abs)        000F78
_OSCCON                  (abs)        000FD3
_OSCCON2                 (abs)        000FD2
_OSCCONbits              (abs)        000FD3
_OSCTUNEbits             (abs)        000F9B
_PIE5bits                (abs)        000F76
_PORTAbits               (abs)        000F80
_PORTC                   (abs)        000F82
_RCONbits                (abs)        000FD0
_RXB0CON                 (abs)        000F60
_RXB0CONbits             (abs)        000F60
_RXB0D0                  (abs)        000F66
_RXB0D1                  (abs)        000F67
_RXB0D2                  (abs)        000F68
_RXB0IF                  (abs)        007BB8
_RXB1CON                 (abs)        000F30
_RXB1CONbits             (abs)        000F30
_RXB1IF                  (abs)        007BB9
_RXERRCNT                (abs)        000E41
_RXF0EIDH                (abs)        000EE2
_RXF0EIDL                (abs)        000EE3
_RXF0SIDH                (abs)        000EE0
_RXF0SIDL                (abs)        000EE1
_RXF1EIDH                (abs)        000EE6
_RXF1EIDL                (abs)        000EE7
_RXF1SIDH                (abs)        000EE4
_RXF1SIDL                (abs)        000EE5
_RXF2SIDH                (abs)        000EE8
_RXF2SIDL                (abs)        000EE9
_RXM0EIDH                (abs)        000EFA
_RXM0EIDL                (abs)        000EFB
_RXM0SIDH                (abs)        000EF8
_RXM0SIDL                (abs)        000EF9
_RXM1SIDH                (abs)        000EFC
_RXM1SIDL                (abs)        000EFD
_T0CON                   (abs)        000FD5
_TMR0IE                  (abs)        007F95
_TMR0IF                  (abs)        007F92
_TRISAbits               (abs)        000F92
_TRISC                   (abs)        000F94
_TXB0DLC                 (abs)        000F25
_TXB0EIDH                (abs)        000F23
_TXB0EIDL                (abs)        000F24
_TXB0SIDH                (abs)        000F21
_TXB0SIDL                (abs)        000F22
_TXB1CONbits             (abs)        000F10
_TXB1D0                  (abs)        000F16
_TXB1D1                  (abs)        000F17
_TXB1D2                  (abs)        000F18
_TXB1D3                  (abs)        000F19
_TXB1D4                  (abs)        000F1A
_TXB1D5                  (abs)        000F1B
_TXB1DLC                 (abs)        000F15
_TXB1EIDH                (abs)        000F13
_TXB1SIDH                (abs)        000F11
_TXB1SIDL                (abs)        000F12
_TXERRCNT                (abs)        000E42
__CFG_BBSIZ$BB1K         (abs)        000000
__CFG_BOREN$SBORDIS      (abs)        000000
__CFG_BORPWR$ZPBORMV     (abs)        000000
__CFG_BORV$3             (abs)        000000
__CFG_CANMX$PORTB        (abs)        000000
__CFG_CP0$OFF            (abs)        000000
__CFG_CP1$OFF            (abs)        000000
__CFG_CP2$OFF            (abs)        000000
__CFG_CP3$OFF            (abs)        000000
__CFG_CPB$OFF            (abs)        000000
__CFG_CPD$OFF            (abs)        000000
__CFG_EBTR0$OFF          (abs)        000000
__CFG_EBTR1$OFF          (abs)        000000
__CFG_EBTR2$OFF          (abs)        000000
__CFG_EBTR3$OFF          (abs)        000000
__CFG_EBTRB$OFF          (abs)        000000
__CFG_FCMEN$OFF          (abs)        000000
__CFG_FOSC$INTIO2        (abs)        000000
__CFG_IESO$OFF           (abs)        000000
__CFG_INTOSCSEL$HIGH     (abs)        000000
__CFG_MCLRE$ON           (abs)        000000
__CFG_MSSPMSK$MSK7       (abs)        000000
__CFG_PLLCFG$OFF         (abs)        000000
__CFG_PWRTEN$OFF         (abs)        000000
__CFG_RETEN$OFF          (abs)        000000
__CFG_SOSCSEL$DIG        (abs)        000000
__CFG_STVREN$ON          (abs)        000000
__CFG_WDTEN$OFF          (abs)        000000
__CFG_WDTPS$1048576      (abs)        000000
__CFG_WRT0$OFF           (abs)        000000
__CFG_WRT1$OFF           (abs)        000000
__CFG_WRT2$OFF           (abs)        000000
__CFG_WRT3$OFF           (abs)        000000
__CFG_WRTB$ON            (abs)        000000
__CFG_WRTC$ON            (abs)        000000
__CFG_WRTD$OFF           (abs)        000000
__CFG_XINST$OFF          (abs)        000000
__HRAM                   (abs)        000000
__Habs1                  abs1         000000
__Hbank0                 bank0        000000
__Hbank1                 bank1        000000
__Hbank10                bank10       000000
__Hbank11                bank11       000000
__Hbank12                bank12       000000
__Hbank13                bank13       000000
__Hbank14                bank14       000000
__Hbank2                 bank2        000000
__Hbank3                 bank3        000000
__Hbank4                 bank4        000000
__Hbank5                 bank5        000000
__Hbank6                 bank6        000000
__Hbank7                 bank7        000000
__Hbank8                 bank8        000000
__Hbank9                 bank9        000000
__Hbigbss                bigbss       000000
__Hbigdata               bigdata      000000
__Hbigram                bigram       000000
__Hbss                   bss          000000
__HbssCOMRAM             bssCOMRAM    000000
__Hcinit                 cinit        000000
__Hclrtext               clrtext      000000
__Hcomram                comram       000000
__Hconfig                config       30000E
__Hconst                 const        000000
__HcstackCOMRAM          cstackCOMRAM 000000
__Hdata                  data         000000
__HdataBIGRAM            dataBIGRAM   000000
__HdataCOMRAM            dataCOMRAM   000000
__Heeprom_data           eeprom_data  000000
__Hend_init              end_init     0000D0
__Hfarbss                farbss       000000
__Hfardata               fardata      000000
__Hibigdata              ibigdata     000000
__Hidata                 idata        000000
__HidataBIGRAM           idataBIGRAM  000000
__HidataCOMRAM           idataCOMRAM  000000
__Hidloc                 idloc        200008
__Hifardata              ifardata     000000
__Hinit                  init         0000CC
__Hintcode               intcode      000014
__Hintcode_body          intcode_body 000000
__Hintcodelo             intcodelo    0000CC
__Hintentry              intentry     000000
__Hintret                intret       000000
__Hintsave_regs          intsave_regs 000000
__Hirdata                irdata       000000
__Hmediumconst           mediumconst  000000
__HnvFARRAM              nvFARRAM     000000
__Hnvbit                 nvbit        000000
__Hnvrram                nvrram       000000
__Hparam                 rparam       000000
__Hpowerup               powerup      0000CC
__Hram                   ram          000000
__Hramtop                ramtop       000F00
__Hrbit                  rbit         000000
__Hrbss                  rbss         000000
__Hrdata                 rdata        000000
__Hreset_vec             reset_vec    000004
__Hrparam                rparam       000000
__Hsfr                   sfr          000000
__Hsmallconst            smallconst   000000
__Hstack                 stack        000000
__Hstruct                struct       000000
__Htemp                  temp         000000
__Htext                  text         000000
__Htext0                 text0        000000
__Htext1                 text1        000000
__Htext3                 text3        000000
__Htext4                 text4        000000
__LRAM                   (abs)        000001
__Labs1                  abs1         000000
__Lbank0                 bank0        000000
__Lbank1                 bank1        000000
__Lbank10                bank10       000000
__Lbank11                bank11       000000
__Lbank12                bank12       000000
__Lbank13                bank13       000000
__Lbank14                bank14       000000
__Lbank2                 bank2        000000
__Lbank3                 bank3        000000
__Lbank4                 bank4        000000
__Lbank5                 bank5        000000
__Lbank6                 bank6        000000
__Lbank7                 bank7        000000
__Lbank8                 bank8        000000
__Lbank9                 bank9        000000
__Lbigbss                bigbss       000000
__Lbigdata               bigdata      000000
__Lbigram                bigram       000000
__Lbss                   bss          000000
__LbssCOMRAM             bssCOMRAM    000000
__Lcinit                 cinit        000000
__Lclrtext               clrtext      000000
__Lcomram                comram       000000
__Lconfig                config       300000
__Lconst                 const        000000
__LcstackCOMRAM          cstackCOMRAM 000000
__Ldata                  data         000000
__LdataBIGRAM            dataBIGRAM   000000
__LdataCOMRAM            dataCOMRAM   000000
__Leeprom_data           eeprom_data  000000
__Lend_init              end_init     0000CC
__Lfarbss                farbss       000000
__Lfardata               fardata      000000
__Libigdata              ibigdata     000000
__Lidata                 idata        000000
__LidataBIGRAM           idataBIGRAM  000000
__LidataCOMRAM           idataCOMRAM  000000
__Lidloc                 idloc        200000
__Lifardata              ifardata     000000
__Linit                  init         0000CC
__Lintcode               intcode      000008
__Lintcode_body          intcode_body 000000
__Lintcodelo             intcodelo    000018
__Lintentry              intentry     000000
__Lintret                intret       000000
__Lintsave_regs          intsave_regs 000000
__Lirdata                irdata       000000
__Lmediumconst           mediumconst  000000
__LnvFARRAM              nvFARRAM     000000
__Lnvbit                 nvbit        000000
__Lnvrram                nvrram       000000
__Lparam                 rparam       000000
__Lpowerup               powerup      0000CC
__Lram                   ram          000000
__Lramtop                ramtop       000F00
__Lrbit                  rbit         000000
__Lrbss                  rbss         000000
__Lrdata                 rdata        000000
__Lreset_vec             reset_vec    000000
__Lrparam                rparam       000000
__Lsfr                   sfr          000000
__Lsmallconst            smallconst   000000
__Lstack                 stack        000000
__Lstruct                struct       000000
__Ltemp                  temp         000000
__Ltext                  text         000000
__Ltext0                 text0        000000
__Ltext1                 text1        000000
__Ltext3                 text3        000000
__Ltext4                 text4        000000
__S0                     (abs)        30000E
__S1                     (abs)        000E41
__S2                     (abs)        000000
___inthi_sp              stack        000000
___intlo_sp              stack        000000
___sp                    stack        000000
__accesstop              (abs)        000060
__activetblptr           (abs)        000000
__end_of_Delay100TCYx    text4        000536
__end_of__initialization cinit        00051E
__end_of_high_isr        intcode_body 0003DA
__end_of_init_CAN        text1        000320
__end_of_low_isr         intcodelo    0000CC
__end_of_main            text0        0004CE
__end_of_setRGB          text3        00046C
__initialization         cinit        0004CE
__mediumconst            mediumconst  000000
__pbssCOMRAM             bssCOMRAM    00002E
__pcinit                 cinit        0004CE
__pcstackCOMRAM          cstackCOMRAM 000001
__pdataBIGRAM            dataBIGRAM   000CD9
__pdataCOMRAM            dataCOMRAM   000034
__pidataBIGRAM           idataBIGRAM  0000D0
__pidataCOMRAM           idataCOMRAM  000536
__pintcode               intcode      000008
__pintcode_body          intcode_body 000320
__pintcodelo             intcodelo    000018
__ptext0                 text0        00046C
__ptext1                 text1        000238
__ptext3                 text3        0003DA
__ptext4                 text4        000524
__ramtop                 ramtop       000F00
__size_of_Delay100TCYx   (abs)        000000
__size_of_high_isr       (abs)        000000
__size_of_init_CAN       (abs)        000000
__size_of_low_isr        (abs)        000000
__size_of_main           (abs)        000000
__size_of_setRGB         (abs)        000000
__smallconst             smallconst   000000
_high_isr                intcode      000008
_ib                      dataCOMRAM   000034
_ig                      dataCOMRAM   000036
_init_CAN                text1        000238
_ir                      bssCOMRAM    000032
_low_isr                 intcodelo    000018
_main                    text0        00046C
_setRGB                  text3        0003DA
_sin                     dataBIGRAM   000CD9
_t32                     bssCOMRAM    00002E
end_of_initialization    cinit        00051E
init_CAN@brp             cstackCOMRAM 000026
init_CAN@idCAN           cstackCOMRAM 000027
int_func                 intcode_body 000320
intlevel0                text         000000
intlevel1                text         000000
intlevel2                text         000000
intlevel3                text         000000
setRGB@B                 cstackCOMRAM 000003
setRGB@G                 cstackCOMRAM 000002
setRGB@R                 cstackCOMRAM 000005
setRGB@i                 cstackCOMRAM 000006
stackhi                  (abs)        0009FF
stacklo                  (abs)        000060
start                    init         0000CC
start_initialization     cinit        0004CE


FUNCTION INFORMATION:

 *************** function _main *****************
 Defined at:
		line 84 in file "main.c"
 Parameters:    Size  Location     Type
  argc            2   39[COMRAM] int 
  argv            3   41[COMRAM] PTR PTR unsigned char 
 Auto vars:     Size  Location     Type
  i               1    0        unsigned char 
 Return value:  Size  Location     Type
                  2   39[COMRAM] int 
 Registers used:
		wreg, fsr0l, fsr0h, fsr1l, fsr1h, fsr1l, fsr1h, fsr2l, fsr2h, status,2, status,0, pclat, btemp, btemp+1, btemp+2, btemp+3, btemp+4, btemp+5, btemp+6, btemp+7, btemp+8, btemp+9, btemp+10, btemp+11, tosl, structret, tblptrl, tblptrh, tblptru, prodl, prodh, bsr, cstack
 Tracked objects:
		On entry : 
		On exit  : 
		Unchanged: 
 Data sizes:     COMRAM   BANK0   BANK1   BANK2   BANK3   BANK4   BANK5   BANK6   BANK7   BANK8   BANK9  BANK10  BANK11  BANK12  BANK13  BANK14
      Params:         5       0       0       0       0       0       0       0       0       0       0       0       0       0       0       0
      Locals:         0       0       0       0       0       0       0       0       0       0       0       0       0       0       0       0
      Temps:          1       0       0       0       0       0       0       0       0       0       0       0       0       0       0       0
      Totals:         6       0       0       0       0       0       0       0       0       0       0       0       0       0       0       0
Total ram usage:        6 bytes
 Hardware stack levels required when called:    5
 This function calls:
		_init_CAN
 This function is called by:
		Startup code after reset
 This function uses a non-reentrant model


 *************** function _init_CAN *****************
 Defined at:
		line 52 in file "../common/CAN.c"
 Parameters:    Size  Location     Type
  idCAN           1    wreg     unsigned char 
  brp             1   37[COMRAM] unsigned char 
 Auto vars:     Size  Location     Type
  idCAN           1   38[COMRAM] unsigned char 
 Return value:  Size  Location     Type
		None               void
 Registers used:
		wreg, status,2
 Tracked objects:
		On entry : 
		On exit  : 
		Unchanged: 
 Data sizes:     COMRAM   BANK0   BANK1   BANK2   BANK3   BANK4   BANK5   BANK6   BANK7   BANK8   BANK9  BANK10  BANK11  BANK12  BANK13  BANK14
      Params:         1       0       0       0       0       0       0       0       0       0       0       0       0       0       0       0
      Locals:         1       0       0       0       0       0       0       0       0       0       0       0       0       0       0       0
      Temps:          0       0       0       0       0       0       0       0       0       0       0       0       0       0       0       0
      Totals:         2       0       0       0       0       0       0       0       0       0       0       0       0       0       0       0
Total ram usage:        2 bytes
 Hardware stack levels used:    1
 Hardware stack levels required when called:    4
 This function calls:
		Nothing
 This function is called by:
		_main
 This function uses a non-reentrant model


 *************** function _low_isr *****************
 Defined at:
		line 163 in file "main.c"
 Parameters:    Size  Location     Type
		None
 Auto vars:     Size  Location     Type
		None
 Return value:  Size  Location     Type
		None               void
 Registers used:
		wreg, status,2, status,0, cstack
 Tracked objects:
		On entry : 
		On exit  : 
		Unchanged: 
 Data sizes:     COMRAM   BANK0   BANK1   BANK2   BANK3   BANK4   BANK5   BANK6   BANK7   BANK8   BANK9  BANK10  BANK11  BANK12  BANK13  BANK14
      Params:         0       0       0       0       0       0       0       0       0       0       0       0       0       0       0       0
      Locals:         0       0       0       0       0       0       0       0       0       0       0       0       0       0       0       0
      Temps:         17       0       0       0       0       0       0       0       0       0       0       0       0       0       0       0
      Totals:        17       0       0       0       0       0       0       0       0       0       0       0       0       0       0       0
Total ram usage:       17 bytes
 Hardware stack levels used:    1
 Hardware stack levels required when called:    3
 This function calls:
		_setRGB
 This function is called by:
		Interrupt level 1
 This function uses a non-reentrant model


 *************** function _setRGB *****************
 Defined at:
		line 28 in file "main.c"
 Parameters:    Size  Location     Type
  R               1    wreg     unsigned char 
  G               1    1[COMRAM] unsigned char 
  B               1    2[COMRAM] unsigned char 
 Auto vars:     Size  Location     Type
  R               1    4[COMRAM] unsigned char 
  i               1    5[COMRAM] unsigned char 
 Return value:  Size  Location     Type
		None               void
 Registers used:
		wreg, status,2, status,0, cstack
 Tracked objects:
		On entry : 
		On exit  : 
		Unchanged: 
 Data sizes:     COMRAM   BANK0   BANK1   BANK2   BANK3   BANK4   BANK5   BANK6   BANK7   BANK8   BANK9  BANK10  BANK11  BANK12  BANK13  BANK14
      Params:         2       0       0       0       0       0       0       0       0       0       0       0       0       0       0       0
      Locals:         2       0       0       0       0       0       0       0       0       0       0       0       0       0       0       0
      Temps:          1       0       0       0       0       0       0       0       0       0       0       0       0       0       0       0
      Totals:         5       0       0       0       0       0       0       0       0       0       0       0       0       0       0       0
Total ram usage:        5 bytes
 Hardware stack levels used:    1
 Hardware stack levels required when called:    2
 This function calls:
		_Delay100TCYx
 This function is called by:
		_low_isr
 This function uses a non-reentrant model


 *************** function _Delay100TCYx *****************
 Defined at:
		line 8 in file "C:\Program Files (x86)\Microchip\xc8\v1.30\sources\pic18\d100tcyx.c"
 Parameters:    Size  Location     Type
  unit            1    wreg     unsigned char 
 Auto vars:     Size  Location     Type
  unit            1    0[COMRAM] unsigned char 
 Return value:  Size  Location     Type
		None               void
 Registers used:
		wreg
 Tracked objects:
		On entry : 
		On exit  : 
		Unchanged: 
 Data sizes:     COMRAM   BANK0   BANK1   BANK2   BANK3   BANK4   BANK5   BANK6   BANK7   BANK8   BANK9  BANK10  BANK11  BANK12  BANK13  BANK14
      Params:         0       0       0       0       0       0       0       0       0       0       0       0       0       0       0       0
      Locals:         1       0       0       0       0       0       0       0       0       0       0       0       0       0       0       0
      Temps:          0       0       0       0       0       0       0       0       0       0       0       0       0       0       0       0
      Totals:         1       0       0       0       0       0       0       0       0       0       0       0       0       0       0       0
Total ram usage:        1 bytes
 Hardware stack levels used:    1
 Hardware stack levels required when called:    1
 This function calls:
		Nothing
 This function is called by:
		_setRGB
 This function uses a non-reentrant model


 *************** function _high_isr *****************
 Defined at:
		line 146 in file "main.c"
 Parameters:    Size  Location     Type
		None
 Auto vars:     Size  Location     Type
  i               1    0        unsigned char 
 Return value:  Size  Location     Type
		None               void
 Registers used:
		wreg, status,2, status,0
 Tracked objects:
		On entry : 
		On exit  : 
		Unchanged: 
 Data sizes:     COMRAM   BANK0   BANK1   BANK2   BANK3   BANK4   BANK5   BANK6   BANK7   BANK8   BANK9  BANK10  BANK11  BANK12  BANK13  BANK14
      Params:         0       0       0       0       0       0       0       0       0       0       0       0       0       0       0       0
      Locals:         0       0       0       0       0       0       0       0       0       0       0       0       0       0       0       0
      Temps:         14       0       0       0       0       0       0       0       0       0       0       0       0       0       0       0
      Totals:        14       0       0       0       0       0       0       0       0       0       0       0       0       0       0       0
Total ram usage:       14 bytes
 Hardware stack levels used:    1
 This function calls:
		Nothing
 This function is called by:
		Interrupt level 2
 This function uses a non-reentrant model



MODULE INFORMATION

Module		Function		Class		Link	Load	Size
../common/CAN.c
		_init_CAN      		CODE           	0238	0000	232

../common/CAN.c estimated size: 232

shared
		__initializatio		CODE           	04CE	0000	80

shared estimated size: 80

main.c
		_main          		CODE           	046C	0000	98
		_high_isr      		CODE           	0008	0000	978
		_setRGB        		CODE           	03DA	0000	146
		_low_isr       		CODE           	0018	0000	180

main.c estimated size: 1402

C:\Program Files (x86)\Microchip\xc8\v1.30\sources\pic18\d100tcyx.c
		_Delay100TCYx  		CODE           	0524	0000	18

C:\Program Files (x86)\Microchip\xc8\v1.30\sources\pic18\d100tcyx.c estimated size: 18

